[15:05:44] Загружаем ALL_KAZAKHSTAN_FINAL.csv...
[15:05:44]   Строк: 57555, колонок: 20
[15:05:44] Проверяем сессию...
[15:05:48]   ✅ Сессия работает! Строк в тесте: 1
[15:05:48] 
============================================================
[15:05:48] [1/20] АЛМАТИНСКАЯ ОБЛАСТЬ  (11 р-нов)
[15:05:48]   [1/11] ҚОНАЕВ Г.А....
[15:05:55] Загружаем ALL_KAZAKHSTAN_FINAL.csv...
[15:05:55]   Строк: 57555, колонок: 20
[15:05:55] Проверяем сессию...
[15:05:57]   ✅ Сессия работает! Строк в тесте: 1
[15:05:57] 
============================================================
[15:05:57] [1/20] АЛМАТИНСКАЯ ОБЛАСТЬ  (11 р-нов)
[15:05:57]   [1/11] ҚОНАЕВ Г.А....
[15:13:06]     ✓ проверено 468, исправлено строк: 209, добавлено: 57
[15:13:06]   [2/11] БАЛХАШСКИЙ РАЙОН...
[15:15:36]     ✓ проверено 148, исправлено строк: 51, добавлено: 9
[15:15:36]   [3/11] ЕНБЕКШИКАЗАХСКИЙ РАЙОН...
[15:19:10] Загружаем ALL_KAZAKHSTAN_FINAL.csv...
[15:19:10]   Строк: 57555, колонок: 20
[15:19:10] Проверяем сессию...
[15:19:25]   ✅ Сессия работает! Строк в тесте: 1
[15:19:25] Продолжаем: уже проверено 2 регионов
[15:19:25] 
============================================================
[15:19:25] [1/20] АЛМАТИНСКАЯ ОБЛАСТЬ  (11 р-нов)
[15:19:25]   [1/11] ҚОНАЕВ Г.А. — пропущен
[15:19:25]   [2/11] БАЛХАШСКИЙ РАЙОН — пропущен
[15:19:25]   [3/11] ЕНБЕКШИКАЗАХСКИЙ РАЙОН...
[15:26:14]     ✓ проверено 419, исправлено: 204, добавлено: 41, удалено: 0
[15:26:14]   [4/11] ЖАМБЫЛСКИЙ РАЙОН...
[15:31:56]     ✓ проверено 318, исправлено: 136, добавлено: 31, удалено: 0
[15:31:56]   [5/11] КАРАСАЙСКИЙ РАЙОН...
[15:41:48]     ✓ проверено 627, исправлено: 316, добавлено: 80, удалено: 0
[15:41:48]   [6/11] РАЙЫМБЕКСКИЙ РАЙОН...
[15:44:35]     ✓ проверено 167, исправлено: 65, добавлено: 9, удалено: 0
[15:44:35]   [7/11] ТАЛГАРСКИЙ РАЙОН...
[15:53:56]     ✓ проверено 578, исправлено: 291, добавлено: 65, удалено: 0
[15:53:56]   [8/11] УЙГУРСКИЙ РАЙОН...
[15:57:31]     ✓ проверено 201, исправлено: 92, добавлено: 13, удалено: 0
[15:57:31]   [9/11] ИЛИЙСКИЙ РАЙОН...
[16:07:54]     ✓ проверено 656, исправлено: 357, добавлено: 99, удалено: 0
[16:07:54]   [10/11] КЕГЕНСКИЙ РАЙОН...
[16:10:49]     ✓ проверено 188, исправлено: 46, добавлено: 7, удалено: 0
[16:10:50]     💾 Промежуточное сохранение (10 регионов)
[16:10:50]   [11/11] Г.А.АЛАТАУ...
[16:13:01]     ✓ проверено 123, исправлено: 0, добавлено: 123, удалено: 0
[16:13:01] 
============================================================
[16:13:01] [2/20] АКМОЛИНСКАЯ ОБЛАСТЬ  (20 р-нов)
[16:13:01]   [1/20] КОКШЕТАУ Г.А....
[16:22:50]     ✓ проверено 626, исправлено: 288, добавлено: 72, удалено: 0
[16:22:50]   [2/20] СТЕПНОГОРСК Г.А....
[16:28:17]     ✓ проверено 346, исправлено: 159, добавлено: 41, удалено: 0
[16:28:17]   [3/20] АККОЛЬСКИЙ РАЙОН...
[16:31:54]     ✓ проверено 242, исправлено: 123, добавлено: 18, удалено: 0
[16:31:54]   [4/20] АРШАЛЫНСКИЙ РАЙОН...
[16:37:28]     ✓ проверено 347, исправлено: 110, добавлено: 32, удалено: 0
[16:37:28]   [5/20] АСТРАХАНСКИЙ РАЙОН...
[16:40:04]     ✓ проверено 149, исправлено: 41, добавлено: 14, удалено: 0
[16:40:04]   [6/20] АТБАСАРСКИЙ РАЙОН...
[16:43:48]     ✓ проверено 226, исправлено: 47, добавлено: 19, удалено: 0
[16:43:48]   [7/20] БУЛАНДЫНСКИЙ РАЙОН...
[16:47:11]     ✓ проверено 219, исправлено: 68, добавлено: 20, удалено: 0
[16:47:11]   [8/20] ЕГИНДЫКОЛЬСКИЙ РАЙОН...
[16:48:50]     ✓ проверено 97, исправлено: 33, добавлено: 6, удалено: 0
[16:48:50]   [9/20] РАЙОН БИРЖАН САЛ...
[16:51:36]     ✓ проверено 172, исправлено: 67, добавлено: 17, удалено: 0
[16:51:37]     💾 Промежуточное сохранение (20 регионов)
[16:51:37]   [10/20] ЕРЕЙМЕНТАУСКИЙ РАЙОН...
[16:55:13]     ✓ проверено 214, исправлено: 68, добавлено: 21, удалено: 0
[16:55:13]   [11/20] ЕСИЛЬСКИЙ РАЙОН...
[16:57:56]     ✓ проверено 170, исправлено: 64, добавлено: 14, удалено: 0
[16:57:56]   [12/20] ЖАКСЫНСКИЙ РАЙОН...
[17:00:42]     ✓ проверено 174, исправлено: 65, добавлено: 18, удалено: 0
[17:00:42]   [13/20] ЖАРКАИНСКИЙ РАЙОН...
[17:02:50]     ✓ проверено 121, исправлено: 41, добавлено: 9, удалено: 0
[17:02:50]   [14/20] ЗЕРЕНДИНСКИЙ РАЙОН...
[17:06:31]     ✓ проверено 247, исправлено: 96, добавлено: 25, удалено: 0
[17:06:31]   [15/20] КОРГАЛЖЫНСКИЙ РАЙОН...
[17:08:38]     ✓ проверено 121, исправлено: 45, добавлено: 10, удалено: 0
[17:08:38]   [16/20] САНДЫКТАУСКИЙ РАЙОН...
[17:11:03]     ✓ проверено 142, исправлено: 41, добавлено: 7, удалено: 0
[17:11:03]   [17/20] ЦЕЛИНОГРАДСКИЙ РАЙОН...
[17:16:21]     ✓ проверено 364, исправлено: 142, добавлено: 38, удалено: 0
[17:16:21]   [18/20] ШОРТАНДИНСКИЙ РАЙОН...
[17:20:10]     ✓ проверено 258, исправлено: 77, добавлено: 29, удалено: 0
[17:20:10]   [19/20] БУРАБАЙСКИЙ РАЙОН...
[17:24:50]     ✓ проверено 328, исправлено: 122, добавлено: 23, удалено: 0
[17:24:52]     💾 Промежуточное сохранение (30 регионов)
[17:24:52]   [20/20] КОСШЫ Г.А....
[17:28:03]     ✓ проверено 203, исправлено: 83, добавлено: 13, удалено: 0
[17:28:03] 
============================================================
[17:28:03] [3/20] АКТЮБИНСКАЯ ОБЛАСТЬ  (13 р-нов)
[17:28:03]   [1/13] АКТОБЕ Г.А....
[17:39:54]     ✓ проверено 886, исправлено: 450, добавлено: 112, удалено: 0
[17:39:54]   [2/13] АЛГИНСКИЙ РАЙОН...
[17:43:16]     ✓ проверено 227, исправлено: 76, добавлено: 19, удалено: 0
[17:43:16]   [3/13] АЙТЕКЕБИЙСКИЙ РАЙОН...
[17:45:52]     ✓ проверено 174, исправлено: 56, добавлено: 19, удалено: 0
[17:45:52]   [4/13] БАЙГАНИНСКИЙ РАЙОН...
[17:48:11]     ✓ проверено 143, исправлено: 48, добавлено: 13, удалено: 0
[17:48:11]   [5/13] КАРГАЛИНСКИЙ РАЙОН...
[17:50:56]     ✓ проверено 178, исправлено: 56, добавлено: 16, удалено: 0
[17:50:56]   [6/13] ХОБДИНСКИЙ РАЙОН...
[17:53:47]     ✓ проверено 168, исправлено: 39, добавлено: 9, удалено: 0
[17:53:47]   [7/13] МАРТУКСКИЙ РАЙОН...
[17:56:56]     ✓ проверено 218, исправлено: 48, добавлено: 15, удалено: 0
[17:56:56]   [8/13] МУГАЛЖАРСКИЙ РАЙОН...
[18:01:17]     ✓ проверено 293, исправлено: 90, добавлено: 30, удалено: 0
[18:01:17]   [9/13] УИЛСКИЙ РАЙОН...
[18:03:37]     ✓ проверено 143, исправлено: 19, добавлено: 10, удалено: 0
[18:03:39]     💾 Промежуточное сохранение (40 регионов)
[18:03:39]   [10/13] ТЕМИРСКИЙ РАЙОН...
[18:06:42]     ✓ проверено 195, исправлено: 57, добавлено: 14, удалено: 0
[18:06:42]   [11/13] ХРОМТАУСКИЙ РАЙОН...
[18:10:31]     ✓ проверено 259, исправлено: 110, добавлено: 22, удалено: 0
[18:10:31]   [12/13] ШАЛКАРСКИЙ РАЙОН...
[18:14:13]     ✓ проверено 229, исправлено: 57, добавлено: 23, удалено: 0
[18:14:13]   [13/13] ИРГИЗСКИЙ РАЙОН...
[18:17:04]     ✓ проверено 168, исправлено: 24, добавлено: 12, удалено: 0
[18:17:04] 
============================================================
[18:17:04] [4/20] Г.АСТАНА  (6 р-нов)
[18:17:04]   [1/6] РАЙОН АЛМАТЫ...
[18:27:15]     ✓ проверено 792, исправлено: 472, добавлено: 86, удалено: 0
[18:27:15]   [2/6] РАЙОН ЕСИЛЬ...
[18:37:35]     ✓ проверено 839, исправлено: 457, добавлено: 70, удалено: 0
[18:37:35]   [3/6] РАЙОН САРЫАРКА...
[18:47:08]     ✓ проверено 734, исправлено: 441, добавлено: 64, удалено: 0
[18:47:08]   [4/6] РАЙОН БАЙҚОҢЫР...
[18:56:29]     ✓ проверено 702, исправлено: 419, добавлено: 74, удалено: 0
[18:56:29]   [5/6] РАЙОН НҰРА...
[19:03:11]     ✓ проверено 457, исправлено: 0, добавлено: 457, удалено: 0
[19:03:11]   [6/6] РАЙОН САРАЙШЫҚ...
[19:04:28]     ✓ проверено 70, исправлено: 0, добавлено: 70, удалено: 0
[19:04:30]     💾 Промежуточное сохранение (50 регионов)
[19:04:30] 
============================================================
[19:04:30] [5/20] КАРАГАНДИНСКАЯ ОБЛАСТЬ  (13 р-нов)
[19:04:30]   [1/13] КАРАГАНДА Г.А....
[19:16:51]     ✓ проверено 962, исправлено: 409, добавлено: 128, удалено: 0
[19:16:51]   [2/13] БАЛХАШ Г.А....
[19:21:44]     ✓ проверено 319, исправлено: 134, добавлено: 32, удалено: 0
[19:21:44]   [3/13] ПРИОЗЕРСК Г.А....
[19:23:08]     ✓ проверено 87, исправлено: 16, добавлено: 7, удалено: 0
[19:23:08]   [4/13] САРАНЬ Г.А....
[19:27:29]     ✓ проверено 297, исправлено: 93, добавлено: 43, удалено: 0
[19:27:29]   [5/13] ТЕМИРТАУ Г.А....
[19:34:03]     ✓ проверено 455, исправлено: 224, добавлено: 55, удалено: 0
[19:34:03]   [6/13] ШАХТИНСК Г.А....
[19:36:53]     ✓ проверено 169, исправлено: 60, добавлено: 17, удалено: 0
[19:36:53]   [7/13] АБАЙСКИЙ РАЙОН...
[19:41:33]     ✓ проверено 315, исправлено: 109, добавлено: 28, удалено: 0
[19:41:33]   [8/13] АКТОГАЙСКИЙ РАЙОН...
[19:44:15]     ✓ проверено 165, исправлено: 55, добавлено: 19, удалено: 0
[19:44:15]   [9/13] БУХАР-ЖЫРАУСКИЙ РАЙОН...
[19:48:42]     ✓ проверено 299, исправлено: 105, добавлено: 32, удалено: 0
[19:48:42]   [10/13] КАРКАРАЛИНСКИЙ РАЙОН...
[19:50:46]     ✓ проверено 130, исправлено: 43, добавлено: 10, удалено: 0
[19:50:48]     💾 Промежуточное сохранение (60 регионов)
[19:50:48]   [11/13] НУРИНСКИЙ РАЙОН...
[19:53:59]     ✓ проверено 201, исправлено: 69, добавлено: 15, удалено: 0
[19:53:59]   [12/13] ОСАКАРОВСКИЙ РАЙОН...
[19:57:30]     ✓ проверено 218, исправлено: 104, добавлено: 14, удалено: 0
[19:57:30]   [13/13] ШЕТСКИЙ РАЙОН...
[20:00:20]     ✓ проверено 189, исправлено: 65, добавлено: 16, удалено: 0
[20:00:20] 
============================================================
[20:00:20] [6/20] Г.ШЫМКЕНТ  (5 р-нов)
[20:00:20]   [1/5] АБАЙСКИЙ РАЙОН...
[20:08:24]     ✓ проверено 604, исправлено: 304, добавлено: 69, удалено: 0
[20:08:24]   [2/5] КАРАТАУСКИЙ РАЙОН...
[20:16:15]     ✓ проверено 568, исправлено: 278, добавлено: 71, удалено: 0
[20:16:15]   [3/5] ЕНБЕКШИНСКИЙ РАЙОН...
[20:26:17]     ✓ проверено 742, исправлено: 410, добавлено: 119, удалено: 0
[20:26:17]   [4/5] АЛЬ-ФАРАБИЙСКИЙ РАЙОН...
[20:35:07]     ✓ проверено 638, исправлено: 371, добавлено: 59, удалено: 0
[20:35:07]   [5/5] РАЙОН ТУРАН...
[20:39:25]     ✓ проверено 276, исправлено: 0, добавлено: 276, удалено: 0
[20:39:25] 
============================================================
[20:39:25] [7/20] Г.АЛМАТЫ  (8 р-нов)
[20:39:25]   [1/8] АЛМАЛИНСКИЙ РАЙОН...
[20:50:50]     ✓ проверено 929, исправлено: 524, добавлено: 88, удалено: 0
[20:50:50]   [2/8] АЛАТАУСКИЙ РАЙОН...
[20:58:25]     ✓ проверено 556, исправлено: 344, добавлено: 82, удалено: 0
[20:58:27]     💾 Промежуточное сохранение (70 регионов)
[20:58:27]   [3/8] АУЭЗОВСКИЙ РАЙОН...
[21:07:10]     ✓ проверено 675, исправлено: 415, добавлено: 62, удалено: 0
[21:07:10]   [4/8] БОСТАНДЫКСКИЙ РАЙОН...
[21:18:11]     ✓ проверено 887, исправлено: 471, добавлено: 82, удалено: 0
[21:18:11]   [5/8] ЖЕТЫСУСКИЙ РАЙОН...
[21:27:10]     ✓ проверено 687, исправлено: 375, добавлено: 104, удалено: 0
[21:27:10]   [6/8] МЕДЕУСКИЙ РАЙОН...
[21:38:20]     ✓ проверено 899, исправлено: 506, добавлено: 84, удалено: 0
[21:38:20]   [7/8] ТУРКСИБСКИЙ РАЙОН...
[21:47:10]     ✓ проверено 671, исправлено: 403, добавлено: 89, удалено: 0
[21:47:10]   [8/8] НАУРЫЗБАЙСКИЙ РАЙОН...
[21:52:01]     ✓ проверено 338, исправлено: 229, добавлено: 26, удалено: 0
[21:52:01] 
============================================================
[21:52:01] [8/20] ПАВЛОДАРСКАЯ ОБЛАСТЬ  (13 р-нов)
[21:52:01]   [1/13] ПАВЛОДАР Г.А....
[22:03:31]     ✓ проверено 922, исправлено: 375, добавлено: 130, удалено: 0
[22:03:31]   [2/13] АКСУ Г.А....
[22:07:28]     ✓ проверено 277, исправлено: 80, добавлено: 22, удалено: 0
[22:07:28]   [3/13] ЭКИБАСТУЗ Г.А....
[22:14:08]     ✓ проверено 501, исправлено: 198, добавлено: 59, удалено: 0
[22:14:08]   [4/13] АКТОГАЙСКИЙ РАЙОН...
[22:16:45]     ✓ проверено 174, исправлено: 31, добавлено: 7, удалено: 0
[22:16:47]     💾 Промежуточное сохранение (80 регионов)
[22:16:47]   [5/13] БАЯНАУЛЬСКИЙ РАЙОН...
[22:19:50]     ✓ проверено 209, исправлено: 59, добавлено: 21, удалено: 0
[22:19:50]   [6/13] ЖЕЛЕЗИНСКИЙ РАЙОН...
[22:22:31]     ✓ проверено 175, исправлено: 51, добавлено: 11, удалено: 0
[22:22:31]   [7/13] ИРТЫШСКИЙ РАЙОН...
[22:24:57]     ✓ проверено 165, исправлено: 46, добавлено: 12, удалено: 0
[22:24:57]   [8/13] РАЙОН ТЕРЕҢКӨЛ...
[22:26:45]   ❌ Ошибка: HTTPSConnectionPool(host='taldau.stat.gov.kz', port=443): Max retries exceeded with url: /ru/NewIndex/GetIndexTreeData (Caused by SSLError(SSLEOFError(8, 'EOF occurred in violation of protocol (_ssl.c:2384)')))
[12:13:38]   ❌ Ошибка: HTTPSConnectionPool(host='taldau.stat.gov.kz', port=443): Max retries exceeded with url: /ru/NewIndex/GetIndexTreeData (Caused by NameResolutionError("<urllib3.connection.HTTPSConnection object at 0x000002C52934FFA0>: Failed to resolve 'taldau.stat.gov.kz' ([Errno 11001] getaddrinfo failed)"))
[12:13:40]   ❌ Ошибка: HTTPSConnectionPool(host='taldau.stat.gov.kz', port=443): Max retries exceeded with url: /ru/NewIndex/GetIndexTreeData (Caused by NameResolutionError("<urllib3.connection.HTTPSConnection object at 0x000002C52934CB80>: Failed to resolve 'taldau.stat.gov.kz' ([Errno 11001] getaddrinfo failed)"))
[12:14:16]   ❌ Ошибка: HTTPSConnectionPool(host='taldau.stat.gov.kz', port=443): Max retries exceeded with url: /ru/NewIndex/GetIndexTreeData (Caused by SSLError(SSLEOFError(8, 'EOF occurred in violation of protocol (_ssl.c:2384)')))
[12:39:04]   ❌ Ошибка: HTTPSConnectionPool(host='taldau.stat.gov.kz', port=443): Max retries exceeded with url: /ru/NewIndex/GetIndexTreeData (Caused by NameResolutionError("<urllib3.connection.HTTPSConnection object at 0x000002C52A040DC0>: Failed to resolve 'taldau.stat.gov.kz' ([Errno 11001] getaddrinfo failed)"))
[12:40:06]     ✓ проверено 185, исправлено: 43, добавлено: 16, удалено: 0
[12:40:06]   [9/13] РАЙОН АҚҚУЛЫ...
[12:42:44] Загружаем ALL_KAZAKHSTAN_FINAL.csv...
[12:42:45]   Строк: 57555, колонок: 20
[12:42:45] Проверяем сессию...
[12:42:49]   ✅ Сессия работает! Строк в тесте: 1
[12:42:49] Продолжаем: уже проверено 84 регионов
[12:42:49]   Загружено 28117 записей из предыдущего diff-отчёта
[12:42:49] 
============================================================
[12:42:49] [1/20] АЛМАТИНСКАЯ ОБЛАСТЬ  (11 р-нов)
[12:42:49]   [1/11] ҚОНАЕВ Г.А. — пропущен
[12:42:49]   [2/11] БАЛХАШСКИЙ РАЙОН — пропущен
[12:42:49]   [3/11] ЕНБЕКШИКАЗАХСКИЙ РАЙОН — пропущен
[12:42:49]   [4/11] ЖАМБЫЛСКИЙ РАЙОН — пропущен
[12:42:49]   [5/11] КАРАСАЙСКИЙ РАЙОН — пропущен
[12:42:49]   [6/11] РАЙЫМБЕКСКИЙ РАЙОН — пропущен
[12:42:49]   [7/11] ТАЛГАРСКИЙ РАЙОН — пропущен
[12:42:49]   [8/11] УЙГУРСКИЙ РАЙОН — пропущен
[12:42:49]   [9/11] ИЛИЙСКИЙ РАЙОН — пропущен
[12:42:49]   [10/11] КЕГЕНСКИЙ РАЙОН — пропущен
[12:42:49]   [11/11] Г.А.АЛАТАУ — пропущен
[12:42:49] 
============================================================
[12:42:49] [2/20] АКМОЛИНСКАЯ ОБЛАСТЬ  (20 р-нов)
[12:42:49]   [1/20] КОКШЕТАУ Г.А. — пропущен
[12:42:49]   [2/20] СТЕПНОГОРСК Г.А. — пропущен
[12:42:49]   [3/20] АККОЛЬСКИЙ РАЙОН — пропущен
[12:42:49]   [4/20] АРШАЛЫНСКИЙ РАЙОН — пропущен
[12:42:49]   [5/20] АСТРАХАНСКИЙ РАЙОН — пропущен
[12:42:49]   [6/20] АТБАСАРСКИЙ РАЙОН — пропущен
[12:42:49]   [7/20] БУЛАНДЫНСКИЙ РАЙОН — пропущен
[12:42:49]   [8/20] ЕГИНДЫКОЛЬСКИЙ РАЙОН — пропущен
[12:42:49]   [9/20] РАЙОН БИРЖАН САЛ — пропущен
[12:42:49]   [10/20] ЕРЕЙМЕНТАУСКИЙ РАЙОН — пропущен
[12:42:49]   [11/20] ЕСИЛЬСКИЙ РАЙОН — пропущен
[12:42:49]   [12/20] ЖАКСЫНСКИЙ РАЙОН — пропущен
[12:42:49]   [13/20] ЖАРКАИНСКИЙ РАЙОН — пропущен
[12:42:49]   [14/20] ЗЕРЕНДИНСКИЙ РАЙОН — пропущен
[12:42:49]   [15/20] КОРГАЛЖЫНСКИЙ РАЙОН — пропущен
[12:42:49]   [16/20] САНДЫКТАУСКИЙ РАЙОН — пропущен
[12:42:49]   [17/20] ЦЕЛИНОГРАДСКИЙ РАЙОН — пропущен
[12:42:49]   [18/20] ШОРТАНДИНСКИЙ РАЙОН — пропущен
[12:42:49]   [19/20] БУРАБАЙСКИЙ РАЙОН — пропущен
[12:42:49]   [20/20] КОСШЫ Г.А. — пропущен
[12:42:49] 
============================================================
[12:42:49] [3/20] АКТЮБИНСКАЯ ОБЛАСТЬ  (13 р-нов)
[12:42:49]   [1/13] АКТОБЕ Г.А. — пропущен
[12:42:49]   [2/13] АЛГИНСКИЙ РАЙОН — пропущен
[12:42:49]   [3/13] АЙТЕКЕБИЙСКИЙ РАЙОН — пропущен
[12:42:49]   [4/13] БАЙГАНИНСКИЙ РАЙОН — пропущен
[12:42:49]   [5/13] КАРГАЛИНСКИЙ РАЙОН — пропущен
[12:42:49]   [6/13] ХОБДИНСКИЙ РАЙОН — пропущен
[12:42:49]   [7/13] МАРТУКСКИЙ РАЙОН — пропущен
[12:42:49]   [8/13] МУГАЛЖАРСКИЙ РАЙОН — пропущен
[12:42:49]   [9/13] УИЛСКИЙ РАЙОН — пропущен
[12:42:49]   [10/13] ТЕМИРСКИЙ РАЙОН — пропущен
[12:42:49]   [11/13] ХРОМТАУСКИЙ РАЙОН — пропущен
[12:42:49]   [12/13] ШАЛКАРСКИЙ РАЙОН — пропущен
[12:42:49]   [13/13] ИРГИЗСКИЙ РАЙОН — пропущен
[12:42:49] 
============================================================
[12:42:49] [4/20] Г.АСТАНА  (6 р-нов)
[12:42:49]   [1/6] РАЙОН АЛМАТЫ — пропущен
[12:42:49]   [2/6] РАЙОН ЕСИЛЬ — пропущен
[12:42:49]   [3/6] РАЙОН САРЫАРКА — пропущен
[12:42:49]   [4/6] РАЙОН БАЙҚОҢЫР — пропущен
[12:42:49]   [5/6] РАЙОН НҰРА — пропущен
[12:42:49]   [6/6] РАЙОН САРАЙШЫҚ — пропущен
[12:42:49] 
============================================================
[12:42:49] [5/20] КАРАГАНДИНСКАЯ ОБЛАСТЬ  (13 р-нов)
[12:42:49]   [1/13] КАРАГАНДА Г.А. — пропущен
[12:42:49]   [2/13] БАЛХАШ Г.А. — пропущен
[12:42:49]   [3/13] ПРИОЗЕРСК Г.А. — пропущен
[12:42:49]   [4/13] САРАНЬ Г.А. — пропущен
[12:42:49]   [5/13] ТЕМИРТАУ Г.А. — пропущен
[12:42:49]   [6/13] ШАХТИНСК Г.А. — пропущен
[12:42:49]   [7/13] АБАЙСКИЙ РАЙОН — пропущен
[12:42:49]   [8/13] АКТОГАЙСКИЙ РАЙОН — пропущен
[12:42:49]   [9/13] БУХАР-ЖЫРАУСКИЙ РАЙОН — пропущен
[12:42:49]   [10/13] КАРКАРАЛИНСКИЙ РАЙОН — пропущен
[12:42:49]   [11/13] НУРИНСКИЙ РАЙОН — пропущен
[12:42:49]   [12/13] ОСАКАРОВСКИЙ РАЙОН — пропущен
[12:42:49]   [13/13] ШЕТСКИЙ РАЙОН — пропущен
[12:42:49] 
============================================================
[12:42:49] [6/20] Г.ШЫМКЕНТ  (5 р-нов)
[12:42:49]   [1/5] АБАЙСКИЙ РАЙОН — пропущен
[12:42:49]   [2/5] КАРАТАУСКИЙ РАЙОН — пропущен
[12:42:49]   [3/5] ЕНБЕКШИНСКИЙ РАЙОН — пропущен
[12:42:49]   [4/5] АЛЬ-ФАРАБИЙСКИЙ РАЙОН — пропущен
[12:42:49]   [5/5] РАЙОН ТУРАН — пропущен
[12:42:49] 
============================================================
[12:42:49] [7/20] Г.АЛМАТЫ  (8 р-нов)
[12:42:49]   [1/8] АЛМАЛИНСКИЙ РАЙОН — пропущен
[12:42:49]   [2/8] АЛАТАУСКИЙ РАЙОН — пропущен
[12:42:49]   [3/8] АУЭЗОВСКИЙ РАЙОН — пропущен
[12:42:49]   [4/8] БОСТАНДЫКСКИЙ РАЙОН — пропущен
[12:42:49]   [5/8] ЖЕТЫСУСКИЙ РАЙОН — пропущен
[12:42:49]   [6/8] МЕДЕУСКИЙ РАЙОН — пропущен
[12:42:49]   [7/8] ТУРКСИБСКИЙ РАЙОН — пропущен
[12:42:49]   [8/8] НАУРЫЗБАЙСКИЙ РАЙОН — пропущен
[12:42:49] 
============================================================
[12:42:49] [8/20] ПАВЛОДАРСКАЯ ОБЛАСТЬ  (13 р-нов)
[12:42:49]   [1/13] ПАВЛОДАР Г.А. — пропущен
[12:42:49]   [2/13] АКСУ Г.А. — пропущен
[12:42:49]   [3/13] ЭКИБАСТУЗ Г.А. — пропущен
[12:42:49]   [4/13] АКТОГАЙСКИЙ РАЙОН — пропущен
[12:42:49]   [5/13] БАЯНАУЛЬСКИЙ РАЙОН — пропущен
[12:42:49]   [6/13] ЖЕЛЕЗИНСКИЙ РАЙОН — пропущен
[12:42:49]   [7/13] ИРТЫШСКИЙ РАЙОН — пропущен
[12:42:49]   [8/13] РАЙОН ТЕРЕҢКӨЛ — пропущен
[12:42:49]   [9/13] РАЙОН АҚҚУЛЫ...
[12:45:04]     ✓ проверено 143, исправлено: 37, добавлено: 9, удалено: 0
[12:45:04]   [10/13] МАЙСКИЙ РАЙОН...
[12:47:48]     ✓ проверено 173, исправлено: 43, добавлено: 12, удалено: 0
[12:47:48]   [11/13] ПАВЛОДАРСКИЙ РАЙОН...
[12:51:05]     ✓ проверено 205, исправлено: 68, добавлено: 14, удалено: 0
[12:51:05]   [12/13] УСПЕНСКИЙ РАЙОН...
[12:53:51]     ✓ проверено 172, исправлено: 32, добавлено: 11, удалено: 0
[12:53:51]   [13/13] ЩЕРБАКТИНСКИЙ РАЙОН...
[12:56:38]     ✓ проверено 186, исправлено: 54, добавлено: 10, удалено: 0
[12:56:38] 
============================================================
[12:56:38] [9/20] ТУРКЕСТАНСКАЯ ОБЛАСТЬ  (17 р-нов)
[12:56:38]   [1/17] ТУРКЕСТАН Г.А....
[13:03:16]     ✓ проверено 447, исправлено: 174, добавлено: 43, удалено: 0
[13:03:17]     💾 Промежуточное сохранение (90 регионов)
[13:03:17]   [2/17] АРЫСЬ Г.А....
[13:07:18]     ✓ проверено 285, исправлено: 87, добавлено: 21, удалено: 0
[13:07:18]   [3/17] КЕНТАУ Г.А....
[13:12:08]     ✓ проверено 335, исправлено: 116, добавлено: 36, удалено: 0
[13:12:08]   [4/17] РАЙОН БАЙДИБЕКА...
[13:14:28]     ✓ проверено 156, исправлено: 56, добавлено: 10, удалено: 0
[13:14:28]   [5/17] КАЗЫГУРТСКИЙ РАЙОН...
[13:18:07]     ✓ проверено 246, исправлено: 76, добавлено: 19, удалено: 0
[13:18:07]   [6/17] МАКТААРАЛЬСКИЙ РАЙОН...
[13:21:24]     ✓ проверено 223, исправлено: 55, добавлено: 19, удалено: 0
[13:21:24]   [7/17] ОРДАБАСЫНСКИЙ РАЙОН...
[13:25:37]     ✓ проверено 292, исправлено: 81, добавлено: 26, удалено: 0
[13:25:37]   [8/17] ОТРАРСКИЙ РАЙОН...
[13:29:00]     ✓ проверено 226, исправлено: 69, добавлено: 22, удалено: 0
[13:29:00]   [9/17] САЙРАМСКИЙ РАЙОН...
[13:33:59]     ✓ проверено 362, исправлено: 130, добавлено: 32, удалено: 0
[13:33:59]   [10/17] САРЫАГАШСКИЙ РАЙОН...
[13:38:03]     ✓ проверено 290, исправлено: 79, добавлено: 28, удалено: 0
[13:38:03]   [11/17] СУЗАКСКИЙ РАЙОН...
[13:42:00]     ✓ проверено 246, исправлено: 58, добавлено: 24, удалено: 0
[13:42:00]     💾 Промежуточное сохранение (100 регионов)
[13:42:00]   [12/17] ТОЛЕБИЙСКИЙ РАЙОН...
[13:46:42]     ✓ проверено 318, исправлено: 98, добавлено: 31, удалено: 0
[13:46:42]   [13/17] ТЮЛЬКУБАССКИЙ РАЙОН...
[13:50:50]     ✓ проверено 277, исправлено: 102, добавлено: 26, удалено: 0
[13:50:50]   [14/17] ШАРДАРИНСКИЙ РАЙОН...
[13:54:30]     ✓ проверено 237, исправлено: 57, добавлено: 23, удалено: 0
[13:54:30]   [15/17] ЖЕТЫСАЙСКИЙ РАЙОН...
[13:57:41]     ✓ проверено 198, исправлено: 59, добавлено: 19, удалено: 0
[13:57:41]   [16/17] КЕЛЕССКИЙ РАЙОН...
[14:01:14]     ✓ проверено 214, исправлено: 61, добавлено: 14, удалено: 0
[14:01:14]   [17/17] РАЙОН САУРАН...
[14:05:06]     ✓ проверено 273, исправлено: 0, добавлено: 273, удалено: 0
[14:05:06] 
============================================================
[14:05:06] [10/20] ОБЛАСТЬ ҰЛЫТАУ  (5 р-нов)
[14:05:06]   [1/5] ЖЕЗКАЗГАН Г.А....
[14:12:17]     ✓ проверено 436, исправлено: 165, добавлено: 40, удалено: 0
[14:12:17]   [2/5] КАРАЖАЛ Г.А....
[14:15:25]     ✓ проверено 155, исправлено: 47, добавлено: 12, удалено: 0
[14:15:25]   [3/5] САТПАЕВ Г.А....
[14:19:57]     ✓ проверено 272, исправлено: 83, добавлено: 23, удалено: 0
[14:19:57]   [4/5] ЖАНААРКИНСКИЙ РАЙОН...
[14:23:14]     ✓ проверено 223, исправлено: 69, добавлено: 16, удалено: 0
[14:23:15]     💾 Промежуточное сохранение (110 регионов)
[14:23:15]   [5/5] УЛЫТАУСКИЙ РАЙОН...
[14:26:42]     ✓ проверено 158, исправлено: 34, добавлено: 12, удалено: 0
[14:26:42] 
============================================================
[14:26:42] [11/20] ВОСТОЧНО-КАЗАХСТАНСКАЯ ОБЛАСТЬ  (13 р-нов)
[14:26:42]   [1/13] УСТЬ-КАМЕНОГОРСК Г.А....
[14:39:55]     ✓ проверено 898, исправлено: 344, добавлено: 114, удалено: 0
[14:39:55]   [2/13] РИДДЕР Г.А....
[14:44:47]     ✓ проверено 328, исправлено: 99, добавлено: 33, удалено: 0
[14:44:47]   [3/13] ГЛУБОКОВСКИЙ РАЙОН...
[14:48:39]     ✓ проверено 254, исправлено: 98, добавлено: 23, удалено: 0
[14:48:39]   [4/13] ЗАЙСАНСКИЙ РАЙОН...
[14:51:48]     ✓ проверено 191, исправлено: 60, добавлено: 15, удалено: 0
[14:51:48]   [5/13] РАЙОН АЛТАЙ...
[14:57:55]     ✓ проверено 384, исправлено: 158, добавлено: 33, удалено: 0
[14:57:55]   [6/13] КУРЧУМСКИЙ РАЙОН...
[15:00:42]     ✓ проверено 180, исправлено: 50, добавлено: 14, удалено: 0
[15:00:42]   [7/13] КАТОН-КАРАГАЙСКИЙ РАЙОН...
[15:03:31]     ✓ проверено 156, исправлено: 43, добавлено: 10, удалено: 0
[15:03:31]   [8/13] ТАРБАГАТАЙСКИЙ РАЙОН...
[15:06:49]     ✓ проверено 183, исправлено: 72, добавлено: 7, удалено: 0
[15:06:49]   [9/13] УЛАНСКИЙ РАЙОН...
[15:09:33]     ✓ проверено 172, исправлено: 73, добавлено: 16, удалено: 0
[15:09:33]     💾 Промежуточное сохранение (120 регионов)
[15:09:33]   [10/13] ШЕМОНАИХИНСКИЙ РАЙОН...
[15:13:04]     ✓ проверено 227, исправлено: 106, добавлено: 18, удалено: 0
[15:13:04]   [11/13] РАЙОН САМАР...
[15:14:43]     ✓ проверено 82, исправлено: 0, добавлено: 82, удалено: 0
[15:14:43]   [12/13] РАЙОН МАРҚАКӨЛ...
[15:15:37]     ✓ проверено 48, исправлено: 0, добавлено: 48, удалено: 0
[15:15:37]   [13/13] РАЙОН ҮЛКЕН НАРЫН...
[15:16:55]     ✓ проверено 75, исправлено: 0, добавлено: 75, удалено: 0
[15:16:55] 
============================================================
[15:16:55] [12/20] ЗАПАДНО-КАЗАХСТАНСКАЯ ОБЛАСТЬ  (13 р-нов)
[15:16:55]   [1/13] УРАЛЬСК Г.А....
[15:29:03]     ✓ проверено 806, исправлено: 369, добавлено: 87, удалено: 0
[15:29:03]   [2/13] АКЖАИКСКИЙ РАЙОН...
[15:31:47]     ✓ проверено 165, исправлено: 66, добавлено: 6, удалено: 0
[15:31:47]   [3/13] БУРЛИНСКИЙ РАЙОН...
[15:38:11]     ✓ проверено 438, исправлено: 159, добавлено: 41, удалено: 0
[15:38:11]   [4/13] ЖАНГАЛИНСКИЙ РАЙОН...
[15:41:01]     ✓ проверено 154, исправлено: 50, добавлено: 5, удалено: 0
[15:41:01]   [5/13] ЖАНИБЕКСКИЙ РАЙОН...
[15:43:14]     ✓ проверено 134, исправлено: 29, добавлено: 4, удалено: 0
[15:43:14]   [6/13] РАЙОН БӘЙТЕРЕК...
[15:47:35]     ✓ проверено 308, исправлено: 120, добавлено: 24, удалено: 0
[15:47:36]     💾 Промежуточное сохранение (130 регионов)
[15:47:36]   [7/13] КАЗТАЛОВСКИЙ РАЙОН...
[15:49:51]     ✓ проверено 143, исправлено: 31, добавлено: 5, удалено: 0
[15:49:51]   [8/13] КАРАТОБИНСКИЙ РАЙОН...
[15:51:38]     ✓ проверено 113, исправлено: 32, добавлено: 5, удалено: 0
[15:51:38]   [9/13] БОКЕЙОРДИНСКИЙ РАЙОН...
[15:53:40]     ✓ проверено 130, исправлено: 40, добавлено: 5, удалено: 0
[15:53:40]   [10/13] СЫРЫМСКИЙ РАЙОН...
[15:56:17]     ✓ проверено 177, исправлено: 32, добавлено: 7, удалено: 0
[15:56:17]   [11/13] ТАСКАЛИНСКИЙ РАЙОН...
[15:58:49]     ✓ проверено 167, исправлено: 46, добавлено: 5, удалено: 0
[15:58:49]   [12/13] ТЕРЕКТИНСКИЙ РАЙОН...
[16:02:06]     ✓ проверено 215, исправлено: 81, добавлено: 7, удалено: 0
[16:02:06]   [13/13] ЧИНГИРЛАУСКИЙ РАЙОН...
[16:04:17]     ✓ проверено 142, исправлено: 41, добавлено: 6, удалено: 0
[16:04:17] 
============================================================
[16:04:17] [13/20] СЕВЕРО-КАЗАХСТАНСКАЯ ОБЛАСТЬ  (14 р-нов)
[16:04:17]   [1/14] ПЕТРОПАВЛОВСК Г.А....
[16:14:31]     ✓ проверено 781, исправлено: 353, добавлено: 93, удалено: 0
[16:14:31]   [2/14] АЙЫРТАУСКИЙ РАЙОН...
[16:17:26]     ✓ проверено 200, исправлено: 88, добавлено: 19, удалено: 0
[16:17:26]   [3/14] АКЖАРСКИЙ РАЙОН...
[16:19:10]     ✓ проверено 113, исправлено: 26, добавлено: 9, удалено: 0
[16:19:11]     💾 Промежуточное сохранение (140 регионов)
[16:19:11]   [4/14] РАЙОН МАГЖАНА ЖУМАБАЕВА...
[16:21:40]     ✓ проверено 163, исправлено: 67, добавлено: 11, удалено: 0
[16:21:40]   [5/14] ЕСИЛЬСКИЙ РАЙОН...
[16:24:38]     ✓ проверено 172, исправлено: 79, добавлено: 13, удалено: 0
[16:24:38]   [6/14] ЖАМБЫЛСКИЙ РАЙОН...
[16:27:09]     ✓ проверено 159, исправлено: 62, добавлено: 7, удалено: 0
[16:27:09]   [7/14] КЫЗЫЛЖАРСКИЙ РАЙОН...
[16:31:31]     ✓ проверено 305, исправлено: 125, добавлено: 25, удалено: 0
[16:31:31]   [8/14] МАМЛЮТСКИЙ РАЙОН...
[16:33:49]     ✓ проверено 144, исправлено: 44, добавлено: 9, удалено: 0
[16:33:49]   [9/14] РАЙОН ШАЛ АКЫНА...
[16:36:25]     ✓ проверено 169, исправлено: 45, добавлено: 13, удалено: 0
[16:36:25]   [10/14] АККАЙЫНСКИЙ РАЙОН...
[16:39:17]     ✓ проверено 157, исправлено: 63, добавлено: 10, удалено: 0
[16:39:17]   [11/14] ТАЙЫНШИНСКИЙ РАЙОН...
[16:42:56]     ✓ проверено 241, исправлено: 90, добавлено: 22, удалено: 0
[16:42:56]   [12/14] ТИМИРЯЗЕВСКИЙ РАЙОН...
[16:44:42]     ✓ проверено 114, исправлено: 45, добавлено: 5, удалено: 0
[16:44:42]   [13/14] УАЛИХАНОВСКИЙ РАЙОН...
[16:46:52]     ✓ проверено 135, исправлено: 50, добавлено: 7, удалено: 0
[16:46:52]     💾 Промежуточное сохранение (150 регионов)
[16:46:52]   [14/14] РАЙОН ИМ.ГАБИТА МУСРЕПОВА...
[16:50:00]     ✓ проверено 204, исправлено: 86, добавлено: 18, удалено: 0
[16:50:00] 
============================================================
[16:50:00] [14/20] ОБЛАСТЬ АБАЙ  (12 р-нов)
[16:50:00]   [1/12] КУРЧАТОВ Г.А....
[16:52:57]     ✓ проверено 183, исправлено: 76, добавлено: 13, удалено: 0
[16:52:57]   [2/12] СЕМЕЙ Г.А....
[17:02:53]     ✓ проверено 753, исправлено: 346, добавлено: 94, удалено: 0
[17:02:53]   [3/12] АБАЙСКИЙ РАЙОН...
[17:05:04]     ✓ проверено 142, исправлено: 41, добавлено: 8, удалено: 0
[17:05:04]   [4/12] АЯГОЗСКИЙ РАЙОН...
[17:08:26]     ✓ проверено 223, исправлено: 87, добавлено: 21, удалено: 0
[17:08:26]   [5/12] БЕСКАРАГАЙСКИЙ РАЙОН...
[17:10:39]     ✓ проверено 138, исправлено: 61, добавлено: 3, удалено: 0
[17:10:39]   [6/12] БОРОДУЛИХИНСКИЙ РАЙОН...
[17:13:35]     ✓ проверено 194, исправлено: 66, добавлено: 16, удалено: 0
[17:13:35]   [7/12] ЖАРМИНСКИЙ РАЙОН...
[17:16:34]     ✓ проверено 202, исправлено: 73, добавлено: 21, удалено: 0
[17:16:34]   [8/12] КОКПЕКТИНСКИЙ РАЙОН...
[17:18:58]     ✓ проверено 155, исправлено: 82, добавлено: 6, удалено: 0
[17:18:58]   [9/12] УРДЖАРСКИЙ РАЙОН...
[17:22:08]     ✓ проверено 213, исправлено: 44, добавлено: 12, удалено: 0
[17:22:08]     💾 Промежуточное сохранение (160 регионов)
[17:22:08]   [10/12] РАЙОН АҚСУАТ...
[17:24:23]     ✓ проверено 136, исправлено: 0, добавлено: 136, удалено: 0
[17:24:23]   [11/12] РАЙОН МАҚАНШЫ...
[17:26:08]     ✓ проверено 110, исправлено: 0, добавлено: 110, удалено: 0
[17:26:08]   [12/12] РАЙОН ЖАҢАСЕМЕЙ...
[17:27:27]     ✓ проверено 81, исправлено: 0, добавлено: 81, удалено: 0
[17:27:27] 
============================================================
[17:27:27] [15/20] МАНГИСТАУСКАЯ ОБЛАСТЬ  (7 р-нов)
[17:27:27]   [1/7] АКТАУ Г.А....
[17:36:05]     ✓ проверено 656, исправлено: 350, добавлено: 62, удалено: 0
[17:36:05]   [2/7] ЖАНАОЗЕН Г.А....
[17:39:49]     ✓ проверено 238, исправлено: 125, добавлено: 23, удалено: 0
[17:39:49]   [3/7] БЕЙНЕУСКИЙ РАЙОН...
[17:42:34]     ✓ проверено 182, исправлено: 48, добавлено: 15, удалено: 0
[17:42:34]   [4/7] КАРАКИЯНСКИЙ РАЙОН...
[17:45:38]     ✓ проверено 199, исправлено: 80, добавлено: 13, удалено: 0
[17:45:38]   [5/7] МАНГИСТАУСКИЙ РАЙОН...
[17:48:44]     ✓ проверено 197, исправлено: 41, добавлено: 15, удалено: 0
[17:48:44]   [6/7] МУНАЙЛИНСКИЙ РАЙОН...
[17:53:14]     ✓ проверено 292, исправлено: 121, добавлено: 24, удалено: 0
[17:53:14]   [7/7] ТУПКАРАГАНСКИЙ РАЙОН...
[17:56:54]     ✓ проверено 244, исправлено: 78, добавлено: 21, удалено: 0
[17:56:55]     💾 Промежуточное сохранение (170 регионов)
[17:56:55] 
============================================================
[17:56:55] [16/20] АТЫРАУСКАЯ ОБЛАСТЬ  (8 р-нов)
[17:56:55]   [1/8] АТЫРАУ Г.А....
[18:06:55]     ✓ проверено 762, исправлено: 399, добавлено: 81, удалено: 0
[18:06:55]   [2/8] ЖЫЛЫОЙСКИЙ РАЙОН...
[18:11:36]     ✓ проверено 331, исправлено: 134, добавлено: 24, удалено: 0
[18:11:36]   [3/8] ИНДЕРСКИЙ РАЙОН...
[18:14:17]     ✓ проверено 177, исправлено: 61, добавлено: 14, удалено: 0
[18:14:17]   [4/8] ИСАТАЙСКИЙ РАЙОН...
[18:16:43]     ✓ проверено 149, исправлено: 48, добавлено: 12, удалено: 0
[18:16:43]   [5/8] КУРМАНГАЗИНСКИЙ РАЙОН...
[18:20:25]     ✓ проверено 246, исправлено: 92, добавлено: 13, удалено: 0
[18:20:25]   [6/8] КЗЫЛКОГИНСКИЙ РАЙОН...
[18:22:49]     ✓ проверено 155, исправлено: 41, добавлено: 9, удалено: 0
[18:22:49]   [7/8] МАКАТСКИЙ РАЙОН...
[18:25:09]     ✓ проверено 146, исправлено: 62, добавлено: 12, удалено: 0
[18:25:09]   [8/8] МАХАМБЕТСКИЙ РАЙОН...
[18:28:09]     ✓ проверено 198, исправлено: 57, добавлено: 12, удалено: 0
[18:28:09] 
============================================================
[18:28:09] [17/20] КОСТАНАЙСКАЯ ОБЛАСТЬ  (20 р-нов)
[18:28:09]   [1/20] КОСТАНАЙ Г.А....
[18:38:34]     ✓ проверено 812, исправлено: 430, добавлено: 93, удалено: 0
[18:38:34]   [2/20] АРКАЛЫК Г.А....
[18:41:40]     ✓ проверено 219, исправлено: 101, добавлено: 19, удалено: 0
[18:41:41]     💾 Промежуточное сохранение (180 регионов)
[18:41:41]   [3/20] ЛИСАКОВСК Г.А....
[18:44:49]     ✓ проверено 205, исправлено: 109, добавлено: 20, удалено: 0
[18:44:49]   [4/20] РУДНЫЙ Г.А....
[18:50:14]     ✓ проверено 384, исправлено: 226, добавлено: 42, удалено: 0
[18:50:14]   [5/20] АЛТЫНСАРИНСКИЙ РАЙОН...
[18:51:55]     ✓ проверено 108, исправлено: 53, добавлено: 5, удалено: 0
[18:51:55]   [6/20] АМАНГЕЛЬДИНСКИЙ РАЙОН...
[18:54:00]     ✓ проверено 137, исправлено: 49, добавлено: 4, удалено: 0
[18:54:00]   [7/20] АУЛИЕКОЛЬСКИЙ РАЙОН...
[18:57:17]     ✓ проверено 217, исправлено: 76, добавлено: 16, удалено: 0
[18:57:17]   [8/20] ДЕНИСОВСКИЙ РАЙОН...
[18:59:41]     ✓ проверено 155, исправлено: 74, добавлено: 11, удалено: 0
[18:59:41]   [9/20] ЖАНГЕЛЬДИНСКИЙ РАЙОН...
[19:01:50]     ✓ проверено 138, исправлено: 23, добавлено: 5, удалено: 0
[19:01:50]   [10/20] ЖИТИКАРИНСКИЙ РАЙОН...
[19:05:15]     ✓ проверено 233, исправлено: 83, добавлено: 18, удалено: 0
[19:05:15]   [11/20] КАМЫСТИНСКИЙ РАЙОН...
[19:07:47]     ✓ проверено 162, исправлено: 66, добавлено: 10, удалено: 0
[19:07:47]   [12/20] КАРАБАЛЫКСКИЙ РАЙОН...
[19:10:32]     ✓ проверено 182, исправлено: 70, добавлено: 16, удалено: 0
[19:10:32]     💾 Промежуточное сохранение (190 регионов)
[19:10:32]   [13/20] КАРАСУСКИЙ РАЙОН...
[19:12:35]     ✓ проверено 130, исправлено: 50, добавлено: 7, удалено: 0
[19:12:35]   [14/20] КОСТАНАЙСКИЙ РАЙОН...
[19:16:59]     ✓ проверено 309, исправлено: 161, добавлено: 27, удалено: 0
[19:16:59]   [15/20] МЕНДЫКАРИНСКИЙ РАЙОН...
[19:19:17]     ✓ проверено 151, исправлено: 61, добавлено: 8, удалено: 0
[19:19:17]   [16/20] НАУРЗУМСКИЙ РАЙОН...
[19:21:24]     ✓ проверено 119, исправлено: 55, добавлено: 7, удалено: 0
[19:21:24]   [17/20] САРЫКОЛЬСКИЙ РАЙОН...
[19:23:22]     ✓ проверено 126, исправлено: 38, добавлено: 8, удалено: 0
[19:23:22]   [18/20] РАЙОН БЕИМБЕТА МАЙЛИНА...
[19:26:20]     ✓ проверено 193, исправлено: 81, добавлено: 16, удалено: 0
[19:26:20]   [19/20] УЗУНКОЛЬСКИЙ РАЙОН...
[19:27:59]     ✓ проверено 99, исправлено: 51, добавлено: 5, удалено: 0
[19:27:59]   [20/20] ФЕДОРОВСКИЙ РАЙОН...
[19:30:59]     ✓ проверено 193, исправлено: 87, добавлено: 13, удалено: 0
[19:30:59] 
============================================================
[19:30:59] [18/20] КЫЗЫЛОРДИНСКАЯ ОБЛАСТЬ  (9 р-нов)
[19:30:59]   [1/9] КЫЗЫЛОРДА Г.А....
[19:39:13]     ✓ проверено 594, исправлено: 213, добавлено: 49, удалено: 0
[19:39:13]   [2/9] БАЙКОНЫР Г.А....
[19:40:10]     ✓ проверено 53, исправлено: 22, добавлено: 2, удалено: 0
[19:40:11]     💾 Промежуточное сохранение (200 регионов)
[19:40:11]   [3/9] АРАЛЬСКИЙ РАЙОН...
[19:44:27]     ✓ проверено 290, исправлено: 89, добавлено: 22, удалено: 0
[19:44:27]   [4/9] ЖАЛАГАШСКИЙ РАЙОН...
[19:47:09]     ✓ проверено 173, исправлено: 69, добавлено: 11, удалено: 0
[19:47:09]   [5/9] ЖАНАКОРГАНСКИЙ РАЙОН...
[19:51:18]     ✓ проверено 288, исправлено: 68, добавлено: 26, удалено: 0
[19:51:18]   [6/9] КАЗАЛИНСКИЙ РАЙОН...
[19:55:08]     ✓ проверено 268, исправлено: 45, добавлено: 16, удалено: 0
[19:55:08]   [7/9] КАРМАКШИНСКИЙ РАЙОН...
[19:58:32]     ✓ проверено 210, исправлено: 45, добавлено: 15, удалено: 0
[19:58:32]   [8/9] СЫРДАРЬИНСКИЙ РАЙОН...
[20:01:17]     ✓ проверено 170, исправлено: 52, добавлено: 9, удалено: 0
[20:01:17]   [9/9] ШИЕЛИЙСКИЙ РАЙОН...
[20:05:09]     ✓ проверено 267, исправлено: 54, добавлено: 21, удалено: 0
[20:05:09] 
============================================================
[20:05:09] [19/20] ОБЛАСТЬ ЖЕТІСУ  (10 р-нов)
[20:05:09]   [1/10] ТАЛДЫКОРГАН Г.А....
[20:12:45]     ✓ проверено 571, исправлено: 247, добавлено: 47, удалено: 0
[20:12:45]   [2/10] ТЕКЕЛИ Г.А....
[20:16:08]     ✓ проверено 231, исправлено: 48, добавлено: 27, удалено: 0
[20:16:08]   [3/10] АКСУСКИЙ РАЙОН...
[20:18:44]     ✓ проверено 172, исправлено: 43, добавлено: 8, удалено: 0
[20:18:44]     💾 Промежуточное сохранение (210 регионов)
[20:18:44]   [4/10] АЛАКОЛЬСКИЙ РАЙОН...
[20:22:21]     ✓ проверено 254, исправлено: 67, добавлено: 15, удалено: 0
[20:22:21]   [5/10] КЕРБУЛАКСКИЙ РАЙОН...
[20:25:18]     ✓ проверено 196, исправлено: 66, добавлено: 15, удалено: 0
[20:25:18]   [6/10] КОКСУСКИЙ РАЙОН...
[20:28:59]     ✓ проверено 223, исправлено: 74, добавлено: 17, удалено: 0
[20:28:59]   [7/10] КАРАТАЛЬСКИЙ РАЙОН...
[20:32:45]     ✓ проверено 258, исправлено: 57, добавлено: 15, удалено: 0
[20:32:45]   [8/10] ПАНФИЛОВСКИЙ РАЙОН...
[20:37:29]     ✓ проверено 345, исправлено: 123, добавлено: 27, удалено: 0
[20:37:29]   [9/10] САРКАНСКИЙ РАЙОН...
[20:40:37]     ✓ проверено 211, исправлено: 51, добавлено: 12, удалено: 0
[20:40:37]   [10/10] ЕСКЕЛЬДИНСКИЙ РАЙОН...
[20:43:31]     ✓ проверено 187, исправлено: 48, добавлено: 11, удалено: 0
[20:43:31] 
============================================================
[20:43:31] [20/20] ЖАМБЫЛСКАЯ ОБЛАСТЬ  (11 р-нов)
[20:43:31]   [1/11] ТАРАЗ Г.А....
[20:51:39]     ✓ проверено 613, исправлено: 244, добавлено: 72, удалено: 0
[20:51:39]   [2/11] БАЙЗАКСКИЙ РАЙОН...
[20:55:13]     ✓ проверено 239, исправлено: 28, добавлено: 17, удалено: 0
[20:55:13]   [3/11] ЖАМБЫЛСКИЙ РАЙОН...
[20:59:15]     ✓ проверено 279, исправлено: 56, добавлено: 28, удалено: 0
[20:59:16]     💾 Промежуточное сохранение (220 регионов)
[20:59:16]   [4/11] ЖУАЛЫНСКИЙ РАЙОН...
[21:01:42]     ✓ проверено 155, исправлено: 29, добавлено: 15, удалено: 0
[21:01:42]   [5/11] КОРДАЙСКИЙ РАЙОН...
[21:06:26]     ✓ проверено 329, исправлено: 90, добавлено: 30, удалено: 0
[21:06:26]   [6/11] РАЙОН ТУРАРА РЫСКУЛОВА...
[21:09:12]     ✓ проверено 167, исправлено: 49, добавлено: 13, удалено: 0
[21:09:12]   [7/11] МЕРКЕНСКИЙ РАЙОН...
[21:12:10]     ✓ проверено 187, исправлено: 30, добавлено: 13, удалено: 0
[21:12:10]   [8/11] МОЙЫНКУМСКИЙ РАЙОН...
[21:14:35]     ✓ проверено 151, исправлено: 34, добавлено: 22, удалено: 0
[21:14:35]   [9/11] САРЫСУСКИЙ РАЙОН...
[21:17:57]     ✓ проверено 223, исправлено: 30, добавлено: 25, удалено: 0
[21:17:57]   [10/11] ТАЛАССКИЙ РАЙОН...
[21:21:14]     ✓ проверено 217, исправлено: 39, добавлено: 20, удалено: 0
[21:21:14]   [11/11] ШУСКИЙ РАЙОН...
[21:24:40]     ✓ проверено 241, исправлено: 67, добавлено: 32, удалено: 0
[21:24:40] 
============================================================
[21:24:40]  ГОТОВО!
[21:24:40]    Строк проверено:    34811
[21:24:40]    Строк исправлено:   12146
[21:24:40]    Строк добавлено:    3654
[21:24:40]    Строк удалено:      0
[21:24:40]    API-запросов:       23539
[21:24:40]    Пустых ответов:     0
[21:24:40]    Ошибок:             0
[21:24:40] 
[21:24:40]    Патченный файл:     ALL_KAZAKHSTAN_PATCHED.csv
[21:24:40]    Лог расхождений:    diff_report.csv
[21:24:40]    Лог выполнения:     verify_patch.log
[21:24:40] ============================================================
