[19:08:42] ============================================================
[19:08:42] patch_missing.py — докачка 11 пропущенных районов
[19:08:42] ============================================================
[19:08:42] Читаю output/MONTHLY_FINAL.csv...
[19:08:43]   Строк: 58,464 | Районов: 211 | Периодов: 14
[19:08:43] Проверяю Cookie...
[19:08:44]   ✅ Cookie работает! Тест вернул 1 строк
[19:08:44] 
───────────────────────────────────────────────────────
[19:08:44] АЛМАТИНСКАЯ ОБЛАСТЬ  (1 пропущенных районов)
[19:08:44]   [1/11] Запрашиваю: Г.А.АЛАТАУ...
[19:11:47]     📅 Новая колонка периода: y032024
[19:11:47]     📅 Новая колонка периода: y042024
[19:11:47]     📅 Новая колонка периода: y052024
[19:11:47]     📅 Новая колонка периода: y062024
[19:11:47]     📅 Новая колонка периода: y072024
[19:11:47]     📅 Новая колонка периода: y082024
[19:11:47]     📅 Новая колонка периода: y092024
[19:11:47]     📅 Новая колонка периода: y102024
[19:11:47]     📅 Новая колонка периода: y112024
[19:11:47]     📅 Новая колонка периода: y122024
[19:11:47]     ✅ Добавлено 198 строк (итого в df: 58,662)
[19:11:48]   💾 Сохранено → MONTHLY_FINAL_PATCHED.csv  (58,662 строк)
[19:11:48] 
───────────────────────────────────────────────────────
[19:11:48] Г.АСТАНА  (2 пропущенных районов)
[19:11:48]   [2/11] Запрашиваю: РАЙОН НҰРА...
[19:18:19] 
  ⚠️  Прерван вручную. Сохраняю...
[19:18:19]   💾 Сохранено → MONTHLY_FINAL_PATCHED.csv  (58,662 строк)
[19:18:56] ============================================================
[19:18:56] patch_missing.py — докачка 11 пропущенных районов
[19:18:56] ============================================================
[19:18:56] Читаю output/MONTHLY_FINAL.csv...
[19:18:57]   Строк: 58,464 | Районов: 211 | Периодов: 14
[19:18:57] Проверяю Cookie...
[19:18:58]   ✅ Cookie работает! Тест вернул 1 строк
[19:18:58] Возобновление: уже докачано 1/11 районов
[19:18:58] 
───────────────────────────────────────────────────────
[19:18:58] АЛМАТИНСКАЯ ОБЛАСТЬ  (1 пропущенных районов)
[19:18:58]   [1/11] Г.А.АЛАТАУ — ✓ уже докачан, пропускаем
[19:18:58] 
───────────────────────────────────────────────────────
[19:18:58] Г.АСТАНА  (2 пропущенных районов)
[19:18:58]   [2/11] Запрашиваю: РАЙОН НҰРА...
[19:19:00] 
  ⚠️  Прерван вручную. Сохраняю...
[19:19:00]   💾 Сохранено → MONTHLY_FINAL_PATCHED.csv  (58,464 строк)
[19:19:07] ============================================================
[19:19:07] patch_missing.py — докачка 11 пропущенных районов
[19:19:07] ============================================================
[19:19:07] Читаю output/MONTHLY_FINAL.csv...
[19:19:07]   Строк: 58,464 | Районов: 211 | Периодов: 14
[19:19:07] Проверяю Cookie...
[19:19:09]   ✅ Cookie работает! Тест вернул 1 строк
[19:19:09] Возобновление: уже докачано 1/11 районов
[19:19:09] 
───────────────────────────────────────────────────────
[19:19:09] АЛМАТИНСКАЯ ОБЛАСТЬ  (1 пропущенных районов)
[19:19:09]   [1/11] Г.А.АЛАТАУ — ✓ уже докачан, пропускаем
[19:19:09] 
───────────────────────────────────────────────────────
[19:19:09] Г.АСТАНА  (2 пропущенных районов)
[19:19:09]   [2/11] Запрашиваю: РАЙОН НҰРА...
[19:26:58]     📅 Новая колонка периода: y012024
[19:26:58]     📅 Новая колонка периода: y022023
[19:26:58]     📅 Новая колонка периода: y022024
[19:26:58]     📅 Новая колонка периода: y032023
[19:26:58]     📅 Новая колонка периода: y032024
[19:26:58]     📅 Новая колонка периода: y042023
[19:26:58]     📅 Новая колонка периода: y042024
[19:26:58]     📅 Новая колонка периода: y052023
[19:26:58]     📅 Новая колонка периода: y052024
[19:26:58]     📅 Новая колонка периода: y062023
[19:26:58]     📅 Новая колонка периода: y062024
[19:26:58]     📅 Новая колонка периода: y072023
[19:26:58]     📅 Новая колонка периода: y072024
[19:26:58]     📅 Новая колонка периода: y082023
[19:26:58]     📅 Новая колонка периода: y082024
[19:26:58]     📅 Новая колонка периода: y092023
[19:26:58]     📅 Новая колонка периода: y092024
[19:26:58]     📅 Новая колонка периода: y102023
[19:26:58]     📅 Новая колонка периода: y102024
[19:26:58]     📅 Новая колонка периода: y112023
[19:26:58]     📅 Новая колонка периода: y112024
[19:26:58]     📅 Новая колонка периода: y122023
[19:26:58]     📅 Новая колонка периода: y122024
[19:26:58]     ✅ Добавлено 531 строк (итого в df: 58,995)
[19:26:58]   💾 Сохранено → MONTHLY_FINAL_PATCHED.csv  (58,995 строк)
[19:26:58]   [3/11] Запрашиваю: РАЙОН САРАЙШЫҚ...
[19:30:25]     ✅ Добавлено 226 строк (итого в df: 59,221)
[19:30:25]   💾 Сохранено → MONTHLY_FINAL_PATCHED.csv  (59,221 строк)
[19:30:25] 
───────────────────────────────────────────────────────
[19:30:25] Г.ШЫМКЕНТ  (1 пропущенных районов)
[19:30:25]   [4/11] Запрашиваю: РАЙОН ТУРАН...
[19:36:14]     ✅ Добавлено 387 строк (итого в df: 59,608)
[19:36:15]   💾 Сохранено → MONTHLY_FINAL_PATCHED.csv  (59,608 строк)
[19:36:15] 
───────────────────────────────────────────────────────
[19:36:15] ТУРКЕСТАНСКАЯ ОБЛАСТЬ  (1 пропущенных районов)
[19:36:15]   [5/11] Запрашиваю: РАЙОН САУРАН...
[19:41:17]     📅 Новая колонка периода: y012022
[19:41:17]     📅 Новая колонка периода: y012023
[19:41:17]     📅 Новая колонка периода: y022022
[19:41:17]     📅 Новая колонка периода: y032022
[19:41:17]     📅 Новая колонка периода: y042021
[19:41:17]     📅 Новая колонка периода: y042022
[19:41:17]     📅 Новая колонка периода: y052021
[19:41:17]     📅 Новая колонка периода: y052022
[19:41:17]     📅 Новая колонка периода: y062021
[19:41:17]     📅 Новая колонка периода: y062022
[19:41:17]     📅 Новая колонка периода: y072021
[19:41:17]     📅 Новая колонка периода: y072022
[19:41:17]     📅 Новая колонка периода: y082021
[19:41:17]     📅 Новая колонка периода: y082022
[19:41:17]     📅 Новая колонка периода: y092021
[19:41:17]     📅 Новая колонка периода: y092022
[19:41:17]     📅 Новая колонка периода: y102021
[19:41:17]     📅 Новая колонка периода: y102022
[19:41:17]     📅 Новая колонка периода: y112021
[19:41:17]     📅 Новая колонка периода: y112022
[19:41:17]     📅 Новая колонка периода: y122021
[19:41:17]     📅 Новая колонка периода: y122022
[19:41:17]     ✅ Добавлено 333 строк (итого в df: 59,941)
[19:41:18]   💾 Сохранено → MONTHLY_FINAL_PATCHED.csv  (59,941 строк)
[19:41:18] 
───────────────────────────────────────────────────────
[19:41:18] ВОСТОЧНО-КАЗАХСТАНСКАЯ ОБЛАСТЬ  (3 пропущенных районов)
[19:41:18]   [6/11] Запрашиваю: РАЙОН САМАР...
[19:43:02] 
  ⚠️  Прерван вручную. Сохраняю...
[19:43:03]   💾 Сохранено → MONTHLY_FINAL_PATCHED.csv  (59,941 строк)
[19:46:30] ============================================================
[19:46:30] patch_missing.py — докачка 11 пропущенных районов
[19:46:30] ============================================================
[19:46:30] Читаю output/MONTHLY_FINAL.csv...
[19:46:30]   Строк: 58,464 | Районов: 211 | Периодов: 14
[19:46:30] Проверяю Cookie...
[19:46:32]   ✅ Cookie работает! Тест вернул 1 строк
[19:46:32] Возобновление: уже докачано 5/11 районов
[19:46:32] 
───────────────────────────────────────────────────────
[19:46:32] АЛМАТИНСКАЯ ОБЛАСТЬ  (1 пропущенных районов)
[19:46:32]   [1/11] Г.А.АЛАТАУ — ✓ уже докачан, пропускаем
[19:46:32] 
───────────────────────────────────────────────────────
[19:46:32] Г.АСТАНА  (2 пропущенных районов)
[19:46:32]   [2/11] РАЙОН НҰРА — ✓ уже докачан, пропускаем
[19:46:32]   [3/11] РАЙОН САРАЙШЫҚ — ✓ уже докачан, пропускаем
[19:46:32] 
───────────────────────────────────────────────────────
[19:46:32] Г.ШЫМКЕНТ  (1 пропущенных районов)
[19:46:32]   [4/11] РАЙОН ТУРАН — ✓ уже докачан, пропускаем
[19:46:32] 
───────────────────────────────────────────────────────
[19:46:32] ТУРКЕСТАНСКАЯ ОБЛАСТЬ  (1 пропущенных районов)
[19:46:32]   [5/11] РАЙОН САУРАН — ✓ уже докачан, пропускаем
[19:46:32] 
───────────────────────────────────────────────────────
[19:46:32] ВОСТОЧНО-КАЗАХСТАНСКАЯ ОБЛАСТЬ  (3 пропущенных районов)
[19:46:32]   [6/11] Запрашиваю: РАЙОН САМАР...
[19:48:34]     📅 Новая колонка периода: y012023
[19:48:34]     📅 Новая колонка периода: y012024
[19:48:34]     📅 Новая колонка периода: y022023
[19:48:34]     📅 Новая колонка периода: y022024
[19:48:34]     📅 Новая колонка периода: y032023
[19:48:34]     📅 Новая колонка периода: y032024
[19:48:34]     📅 Новая колонка периода: y042023
[19:48:34]     📅 Новая колонка периода: y042024
[19:48:34]     📅 Новая колонка периода: y052023
[19:48:34]     📅 Новая колонка периода: y052024
[19:48:34]     📅 Новая колонка периода: y062022
[19:48:34]     📅 Новая колонка периода: y062023
[19:48:34]     📅 Новая колонка периода: y062024
[19:48:34]     📅 Новая колонка периода: y072022
[19:48:34]     📅 Новая колонка периода: y072023
[19:48:34]     📅 Новая колонка периода: y072024
[19:48:34]     📅 Новая колонка периода: y082022
[19:48:34]     📅 Новая колонка периода: y082023
[19:48:34]     📅 Новая колонка периода: y082024
[19:48:34]     📅 Новая колонка периода: y092022
[19:48:34]     📅 Новая колонка периода: y092023
[19:48:34]     📅 Новая колонка периода: y092024
[19:48:34]     📅 Новая колонка периода: y102022
[19:48:34]     📅 Новая колонка периода: y102023
[19:48:34]     📅 Новая колонка периода: y102024
[19:48:34]     📅 Новая колонка периода: y112022
[19:48:34]     📅 Новая колонка периода: y112023
[19:48:34]     📅 Новая колонка периода: y112024
[19:48:34]     📅 Новая колонка периода: y122022
[19:48:34]     📅 Новая колонка периода: y122023
[19:48:34]     📅 Новая колонка периода: y122024
[19:48:34]     ✅ Добавлено 110 строк (итого в df: 58,574)
[19:48:35]   💾 Сохранено → MONTHLY_FINAL_PATCHED.csv  (58,574 строк)
[19:48:35]   [7/11] Запрашиваю: РАЙОН МАРҚАКӨЛ...
[19:50:01]     ✅ Добавлено 75 строк (итого в df: 58,649)
[19:50:02]   💾 Сохранено → MONTHLY_FINAL_PATCHED.csv  (58,649 строк)
[19:50:02]   [8/11] Запрашиваю: РАЙОН ҮЛКЕН НАРЫН...
[19:51:46]     ✅ Добавлено 108 строк (итого в df: 58,757)
[19:51:47]   💾 Сохранено → MONTHLY_FINAL_PATCHED.csv  (58,757 строк)
[19:51:47] 
───────────────────────────────────────────────────────
[19:51:47] ОБЛАСТЬ АБАЙ  (3 пропущенных районов)
[19:51:47]   [9/11] Запрашиваю: РАЙОН АҚСУАТ...
[19:54:12]     ✅ Добавлено 136 строк (итого в df: 58,893)
[19:54:12]   💾 Сохранено → MONTHLY_FINAL_PATCHED.csv  (58,893 строк)
[19:54:12]   [10/11] Запрашиваю: РАЙОН МАҚАНШЫ...
[19:56:38]     ✅ Добавлено 159 строк (итого в df: 59,052)
[19:56:39]   💾 Сохранено → MONTHLY_FINAL_PATCHED.csv  (59,052 строк)
[19:56:39]   [11/11] Запрашиваю: РАЙОН ЖАҢАСЕМЕЙ...
[19:58:32]     ✅ Добавлено 101 строк (итого в df: 59,153)
[19:58:33]   💾 Сохранено → MONTHLY_FINAL_PATCHED.csv  (59,153 строк)
[19:58:34]   💾 Сохранено → MONTHLY_FINAL_PATCHED.csv  (59,153 строк)
[19:58:34] 
============================================================
[19:58:34] ✅ ГОТОВО!
[19:58:34]    Районов докачано: 6/11
[19:58:34]    Строк добавлено:  689
[19:58:34]    Итого строк:      59,153
[19:58:34]    Районов всего:    217
[19:58:34]    Файл:             MONTHLY_FINAL_PATCHED.csv
[19:58:34]    Лог изменений:    patch_missing_diff.csv
[19:58:34] ============================================================
[19:58:49] ============================================================
[19:58:49] patch_missing.py — докачка 11 пропущенных районов
[19:58:49] ============================================================
[19:58:49] Читаю output/MONTHLY_FINAL.csv...
[19:58:49]   Строк: 58,464 | Районов: 211 | Периодов: 14
[19:58:49] Проверяю Cookie...
[19:58:51]   ✅ Cookie работает! Тест вернул 1 строк
[19:58:51] Возобновление: уже докачано 11/11 районов
[19:58:51] 
───────────────────────────────────────────────────────
[19:58:51] АЛМАТИНСКАЯ ОБЛАСТЬ  (1 пропущенных районов)
[19:58:51]   [1/11] Г.А.АЛАТАУ — ✓ уже докачан, пропускаем
[19:58:51] 
───────────────────────────────────────────────────────
[19:58:51] Г.АСТАНА  (2 пропущенных районов)
[19:58:51]   [2/11] РАЙОН НҰРА — ✓ уже докачан, пропускаем
[19:58:51]   [3/11] РАЙОН САРАЙШЫҚ — ✓ уже докачан, пропускаем
[19:58:51] 
───────────────────────────────────────────────────────
[19:58:51] Г.ШЫМКЕНТ  (1 пропущенных районов)
[19:58:51]   [4/11] РАЙОН ТУРАН — ✓ уже докачан, пропускаем
[19:58:51] 
───────────────────────────────────────────────────────
[19:58:51] ТУРКЕСТАНСКАЯ ОБЛАСТЬ  (1 пропущенных районов)
[19:58:51]   [5/11] РАЙОН САУРАН — ✓ уже докачан, пропускаем
[19:58:51] 
───────────────────────────────────────────────────────
[19:58:51] ВОСТОЧНО-КАЗАХСТАНСКАЯ ОБЛАСТЬ  (3 пропущенных районов)
[19:58:51]   [6/11] РАЙОН САМАР — ✓ уже докачан, пропускаем
[19:58:51]   [7/11] РАЙОН МАРҚАКӨЛ — ✓ уже докачан, пропускаем
[19:58:51]   [8/11] РАЙОН ҮЛКЕН НАРЫН — ✓ уже докачан, пропускаем
[19:58:51] 
───────────────────────────────────────────────────────
[19:58:51] ОБЛАСТЬ АБАЙ  (3 пропущенных районов)
[19:58:51]   [9/11] РАЙОН АҚСУАТ — ✓ уже докачан, пропускаем
[19:58:51]   [10/11] РАЙОН МАҚАНШЫ — ✓ уже докачан, пропускаем
[19:58:51]   [11/11] РАЙОН ЖАҢАСЕМЕЙ — ✓ уже докачан, пропускаем
[19:58:51]   💾 Сохранено → MONTHLY_FINAL_PATCHED.csv  (58,464 строк)
[19:58:51] 
============================================================
[19:58:51] ✅ ГОТОВО!
[19:58:51]    Районов докачано: 0/11
[19:58:51]    Строк добавлено:  0
[19:58:51]    Итого строк:      58,464
[19:58:51]    Районов всего:    211
[19:58:51]    Файл:             MONTHLY_FINAL_PATCHED.csv
[19:58:51] ============================================================
